---
source: src/view/block.rs
expression: buffer
---
Buffer {
    area: Rect { x: 0, y: 0, width: 15, height: 5 },
    content: [
        "some text      ",
        "               ",
        "               ",
        "               ",
        "               ",
    ],
    styles: [
        x: 0, y: 0, fg: Reset, bg: Reset, underline: Reset, modifier: NONE,
    ]
}
